[    0.000000] Linux version 4.15.0-212-generic (buildd@lcy02-amd64-083) (gcc version 7.5.0 (Ubuntu 7.5.0-3ubuntu1~18.04)) #223-Ubuntu SMP Tue May 23 13:09:22 UTC 2023 (Ubuntu 4.15.0-212.223-generic 4.15.18)
[    0.000000] Command line: BOOT_IMAGE=/boot/vmlinuz-4.15.0-212-generic root=LABEL=cloudimg-rootfs ro console=tty1 console=ttyS0
[    0.000000] KERNEL supported cpus:
[    0.000000]   Intel GenuineIntel
[    0.000000]   AMD AuthenticAMD
[    0.000000]   Centaur CentaurHauls
[    0.000000] x86/fpu: x87 FPU will use FXSAVE
[    0.000000] e820: BIOS-provided physical RAM map:
[    0.000000] BIOS-e820: [mem 0x0000000000000000-0x000000000009fbff] usable
[    0.000000] BIOS-e820: [mem 0x000000000009fc00-0x000000000009ffff] reserved
[    0.000000] BIOS-e820: [mem 0x00000000000f0000-0x00000000000fffff] reserved
[    0.000000] BIOS-e820: [mem 0x0000000000100000-0x000000002ffeffff] usable
[    0.000000] BIOS-e820: [mem 0x000000002fff0000-0x000000002fffffff] ACPI data
[    0.000000] BIOS-e820: [mem 0x00000000fec00000-0x00000000fec00fff] reserved
[    0.000000] BIOS-e820: [mem 0x00000000fee00000-0x00000000fee00fff] reserved
[    0.000000] BIOS-e820: [mem 0x00000000fffc0000-0x00000000ffffffff] reserved
[    0.000000] NX (Execute Disable) protection: active
[    0.000000] SMBIOS 2.5 present.
[    0.000000] DMI: innotek GmbH VirtualBox/VirtualBox, BIOS VirtualBox 12/01/2006
[    0.000000] Hypervisor detected: KVM
[    0.000000] e820: last_pfn = 0x2fff0 max_arch_pfn = 0x400000000
[    0.000000] MTRR: Disabled
[    0.000000] x86/PAT: MTRRs disabled, skipping PAT initialization too.
[    0.000000] CPU MTRRs all blank - virtualized system.
[    0.000000] x86/PAT: Configuration [0-7]: WB  WT  UC- UC  WB  WT  UC- UC  
[    0.000000] found SMP MP-table at [mem 0x0009fff0-0x0009ffff]
[    0.000000] Scanning 1 areas for low memory corruption
[    0.000000] RAMDISK: [mem 0x2db01000-0x2ee12fff]
[    0.000000] ACPI: Early table checksum verification disabled
[    0.000000] ACPI: RSDP 0x00000000000E0000 000024 (v02 VBOX  )
[    0.000000] ACPI: XSDT 0x000000002FFF0030 00003C (v01 VBOX   VBOXXSDT 00000001 ASL  00000061)
[    0.000000] ACPI: FACP 0x000000002FFF00F0 0000F4 (v04 VBOX   VBOXFACP 00000001 ASL  00000061)
[    0.000000] ACPI: DSDT 0x000000002FFF0470 002325 (v02 VBOX   VBOXBIOS 00000002 INTL 20100528)
[    0.000000] ACPI: FACS 0x000000002FFF0200 000040
[    0.000000] ACPI: FACS 0x000000002FFF0200 000040
[    0.000000] ACPI: APIC 0x000000002FFF0240 00005C (v02 VBOX   VBOXAPIC 00000001 ASL  00000061)
[    0.000000] ACPI: SSDT 0x000000002FFF02A0 0001CC (v01 VBOX   VBOXCPUT 00000002 INTL 20100528)
[    0.000000] ACPI: Reserving FACP table memory at [mem 0x2fff00f0-0x2fff01e3]
[    0.000000] ACPI: Reserving DSDT table memory at [mem 0x2fff0470-0x2fff2794]
[    0.000000] ACPI: Reserving FACS table memory at [mem 0x2fff0200-0x2fff023f]
[    0.000000] ACPI: Reserving FACS table memory at [mem 0x2fff0200-0x2fff023f]
[    0.000000] ACPI: Reserving APIC table memory at [mem 0x2fff0240-0x2fff029b]
[    0.000000] ACPI: Reserving SSDT table memory at [mem 0x2fff02a0-0x2fff046b]
[    0.000000] No NUMA configuration found
[    0.000000] Faking a node at [mem 0x0000000000000000-0x000000002ffeffff]
[    0.000000] NODE_DATA(0) allocated [mem 0x2ffc5000-0x2ffeffff]
[    0.000000] kvm-clock: cpu 0, msr 0:2ff44001, primary cpu clock
[    0.000000] kvm-clock: Using msrs 4b564d01 and 4b564d00
[    0.000000] kvm-clock: using sched offset of 4265588881 cycles
[    0.000000] clocksource: kvm-clock: mask: 0xffffffffffffffff max_cycles: 0x1cd42e4dffb, max_idle_ns: 881590591483 ns
[    0.000000] Zone ranges:
[    0.000000]   DMA      [mem 0x0000000000001000-0x0000000000ffffff]
[    0.000000]   DMA32    [mem 0x0000000001000000-0x000000002ffeffff]
[    0.000000]   Normal   empty
[    0.000000]   Device   empty
[    0.000000] Movable zone start for each node
[    0.000000] Early memory node ranges
[    0.000000]   node   0: [mem 0x0000000000001000-0x000000000009efff]
[    0.000000]   node   0: [mem 0x0000000000100000-0x000000002ffeffff]
[    0.000000] Reserved but unavailable: 104 pages
[    0.000000] Initmem setup node 0 [mem 0x0000000000001000-0x000000002ffeffff]
[    0.000000] ACPI: PM-Timer IO Port: 0x4008
[    0.000000] IOAPIC[0]: apic_id 2, version 32, address 0xfec00000, GSI 0-23
[    0.000000] ACPI: INT_SRC_OVR (bus 0 bus_irq 0 global_irq 2 dfl dfl)
[    0.000000] ACPI: INT_SRC_OVR (bus 0 bus_irq 9 global_irq 9 low level)
[    0.000000] Using ACPI (MADT) for SMP configuration information
[    0.000000] smpboot: Allowing 2 CPUs, 0 hotplug CPUs
[    0.000000] PM: Registered nosave memory: [mem 0x00000000-0x00000fff]
[    0.000000] PM: Registered nosave memory: [mem 0x0009f000-0x0009ffff]
[    0.000000] PM: Registered nosave memory: [mem 0x000a0000-0x000effff]
[    0.000000] PM: Registered nosave memory: [mem 0x000f0000-0x000fffff]
[    0.000000] e820: [mem 0x30000000-0xfebfffff] available for PCI devices
[    0.000000] Booting paravirtualized kernel on KVM
[    0.000000] clocksource: refined-jiffies: mask: 0xffffffff max_cycles: 0xffffffff, max_idle_ns: 7645519600211568 ns
[    0.000000] setup_percpu: NR_CPUS:8192 nr_cpumask_bits:2 nr_cpu_ids:2 nr_node_ids:1
[    0.000000] percpu: Embedded 50 pages/cpu s167936 r8192 d28672 u1048576
[    0.000000] PV qspinlock hash table entries: 256 (order: 0, 4096 bytes)
[    0.000000] Built 1 zonelists, mobility grouping on.  Total pages: 193401
[    0.000000] Policy zone: DMA32
[    0.000000] Kernel command line: BOOT_IMAGE=/boot/vmlinuz-4.15.0-212-generic root=LABEL=cloudimg-rootfs ro console=tty1 console=ttyS0
[    0.000000] Memory: 724596K/785976K available (12300K kernel code, 2477K rwdata, 4324K rodata, 2480K init, 2720K bss, 61380K reserved, 0K cma-reserved)
[    0.000000] SLUB: HWalign=64, Order=0-3, MinObjects=0, CPUs=2, Nodes=1
[    0.000000] ftrace: allocating 39508 entries in 155 pages
[    0.004000] Hierarchical RCU implementation.
[    0.004000] 	RCU restricting CPUs from NR_CPUS=8192 to nr_cpu_ids=2.
[    0.004000] 	Tasks RCU enabled.
[    0.004000] RCU: Adjusting geometry for rcu_fanout_leaf=16, nr_cpu_ids=2
[    0.004000] NR_IRQS: 524544, nr_irqs: 440, preallocated irqs: 16
[    0.004000] Console: colour VGA+ 80x25
[    0.004000] console [tty1] enabled
[    0.004000] console [ttyS0] enabled
[    0.004000] ACPI: Core revision 20170831
[    0.004000] ACPI: 2 ACPI AML tables successfully acquired and loaded
[    0.004000] APIC: Switch to symmetric I/O mode setup
[    0.004000] ..TIMER: vector=0x30 apic1=0 pin1=2 apic2=-1 pin2=-1
[    0.004000] tsc: Detected 1190.403 MHz processor
[    0.004000] Calibrating delay loop (skipped) preset value.. 2380.80 BogoMIPS (lpj=4761612)
[    0.004006] pid_max: default: 32768 minimum: 301
[    0.008057] Security Framework initialized
[    0.012004] Yama: becoming mindful.
[    0.016035] AppArmor: AppArmor initialized
[    0.020135] Dentry cache hash table entries: 131072 (order: 8, 1048576 bytes)
[    0.024060] Inode-cache hash table entries: 65536 (order: 7, 524288 bytes)
[    0.028021] Mount-cache hash table entries: 2048 (order: 2, 16384 bytes)
[    0.032010] Mountpoint-cache hash table entries: 2048 (order: 2, 16384 bytes)
[    0.037704] Last level iTLB entries: 4KB 0, 2MB 0, 4MB 0
[    0.040004] Last level dTLB entries: 4KB 0, 2MB 0, 4MB 0, 1GB 0
[    0.044005] Spectre V1 : Mitigation: usercopy/swapgs barriers and __user pointer sanitization
[    0.048004] Spectre V2 : Mitigation: Enhanced IBRS
[    0.052002] Spectre V2 : Spectre v2 / SpectreRSB mitigation: Filling RSB on context switch
[    0.056002] Spectre V2 : Spectre v2 / PBRSB-eIBRS: Retire a single CALL on VMEXIT
[    0.060002] RETBleed: Mitigation: Enhanced IBRS
[    0.064002] Speculative Store Bypass: Vulnerable
[    0.068062] MMIO Stale Data: Vulnerable: Clear CPU buffers attempted, no microcode
[    0.072149] Freeing SMP alternatives memory: 36K
[    0.200401] APIC calibration not consistent with PM-Timer: 108ms instead of 100ms
[    0.204000] APIC delta adjusted to PM-Timer: 6462144 (7022582)
[    0.204369] smpboot: CPU0: Intel(R) Core(TM) i3-1005G1 CPU @ 1.20GHz (family: 0x6, model: 0x7e, stepping: 0x5)
[    0.208087] Performance Events: unsupported p6 CPU model 126 no PMU driver, software events only.
[    0.212047] Hierarchical SRCU implementation.
[    0.220246] NMI watchdog: Perf event create on CPU 0 failed with -2
[    0.224003] NMI watchdog: Perf NMI watchdog permanently disabled
[    0.228057] smp: Bringing up secondary CPUs ...
[    0.232093] x86: Booting SMP configuration:
[    0.236003] .... node  #0, CPUs:      #1
[    0.004000] kvm-clock: cpu 1, msr 0:2ff44041, secondary cpu clock
[    0.247057] TSC synchronization [CPU#0 -> CPU#1]:
[    0.248000] Measured 33496 cycles TSC warp between CPUs, turning off TSC clock.
[    0.248000] tsc: Marking TSC unstable due to check_tsc_sync_source failed
[    0.252247] smp: Brought up 1 node, 2 CPUs
[    0.255584] smpboot: Max logical packages: 1
[    0.256007] smpboot: Total of 2 processors activated (4761.61 BogoMIPS)
[    0.260246] devtmpfs: initialized
[    0.264054] x86/mm: Memory block size: 128MB
[    0.268132] evm: security.selinux
[    0.272002] evm: security.SMACK64
[    0.276002] evm: security.SMACK64EXEC
[    0.280002] evm: security.SMACK64TRANSMUTE
[    0.284005] evm: security.SMACK64MMAP
[    0.287299] evm: security.apparmor
[    0.288006] evm: security.ima
[    0.292007] evm: security.capability
[    0.300160] clocksource: jiffies: mask: 0xffffffff max_cycles: 0xffffffff, max_idle_ns: 7645041785100000 ns
[    0.304019] futex hash table entries: 512 (order: 3, 32768 bytes)
[    0.308064] pinctrl core: initialized pinctrl subsystem
[    0.316240] RTC time: 16:03:03, date: 11/05/24
[    0.321125] NET: Registered protocol family 16
[    0.324072] audit: initializing netlink subsys (disabled)
[    0.332150] audit: type=2000 audit(1730822588.700:1): state=initialized audit_enabled=0 res=1
[    0.340011] cpuidle: using governor ladder
[    0.344018] cpuidle: using governor menu
[    0.348056] ACPI: bus type PCI registered
[    0.352005] acpiphp: ACPI Hot Plug PCI Controller Driver version: 0.5
[    0.356598] PCI: Using configuration type 1 for base access
[    0.364525] HugeTLB registered 2.00 MiB page size, pre-allocated 0 pages
[    0.372497] ACPI: Added _OSI(Module Device)
[    0.376013] ACPI: Added _OSI(Processor Device)
[    0.380003] ACPI: Added _OSI(3.0 _SCP Extensions)
[    0.384004] ACPI: Added _OSI(Processor Aggregator Device)
[    0.388011] ACPI: Added _OSI(Linux-Dell-Video)
[    0.392008] ACPI: Added _OSI(Linux-Lenovo-NV-HDMI-Audio)
[    0.396007] ACPI: Added _OSI(Linux-HPI-Hybrid-Graphics)
[    0.400954] ACPI: Executed 1 blocks of module-level executable AML code
[    0.409273] ACPI: Interpreter enabled
[    0.412031] ACPI: (supports S0 S5)
[    0.416010] ACPI: Using IOAPIC for interrupt routing
[    0.420495] PCI: Using host bridge windows from ACPI; if necessary, use "pci=nocrs" and report a bug
[    0.424401] ACPI: Enabled 2 GPEs in block 00 to 07
[    0.444722] ACPI: PCI Root Bridge [PCI0] (domain 0000 [bus 00-ff])
[    0.448018] acpi PNP0A03:00: _OSC: OS supports [ASPM ClockPM Segments MSI]
[    0.452806] acpi PNP0A03:00: _OSC: not requesting OS control; OS requires [ExtendedConfig ASPM ClockPM MSI]
[    0.456022] acpi PNP0A03:00: fail to add MMCONFIG information, can't access extended PCI configuration space under this bridge.
[    0.464548] PCI host bridge to bus 0000:00
[    0.468013] pci_bus 0000:00: root bus resource [io  0x0000-0x0cf7 window]
[    0.472012] pci_bus 0000:00: root bus resource [io  0x0d00-0xffff window]
[    0.476011] pci_bus 0000:00: root bus resource [mem 0x000a0000-0x000bffff window]
[    0.480013] pci_bus 0000:00: root bus resource [mem 0x30000000-0xfdffffff window]
[    0.484018] pci_bus 0000:00: root bus resource [bus 00-ff]
[    0.501658] pci 0000:00:01.1: legacy IDE quirk: reg 0x10: [io  0x01f0-0x01f7]
[    0.504010] pci 0000:00:01.1: legacy IDE quirk: reg 0x14: [io  0x03f6]
[    0.508013] pci 0000:00:01.1: legacy IDE quirk: reg 0x18: [io  0x0170-0x0177]
[    0.512012] pci 0000:00:01.1: legacy IDE quirk: reg 0x1c: [io  0x0376]
[    0.551087] pci 0000:00:07.0: quirk: [io  0x4000-0x403f] claimed by PIIX4 ACPI
[    0.552051] pci 0000:00:07.0: quirk: [io  0x4100-0x410f] claimed by PIIX4 SMB
[    0.573287] ACPI: PCI Interrupt Link [LNKA] (IRQs 5 9 10 *11)
[    0.576575] ACPI: PCI Interrupt Link [LNKB] (IRQs 5 9 *10 11)
[    0.584022] ACPI: PCI Interrupt Link [LNKC] (IRQs 5 *9 10 11)
[    0.588225] ACPI: PCI Interrupt Link [LNKD] (IRQs 5 9 10 *11)
[    0.593174] SCSI subsystem initialized
[    0.600004] pci 0000:00:02.0: vgaarb: setting as boot VGA device
[    0.600004] pci 0000:00:02.0: vgaarb: VGA device added: decodes=io+mem,owns=io+mem,locks=none
[    0.616017] pci 0000:00:02.0: vgaarb: bridge control possible
[    0.624011] vgaarb: loaded
[    0.632154] ACPI: bus type USB registered
[    0.636040] usbcore: registered new interface driver usbfs
[    0.640036] usbcore: registered new interface driver hub
[    0.648034] usbcore: registered new device driver usb
[    0.656292] EDAC MC: Ver: 3.0.0
[    0.664344] PCI: Using ACPI for IRQ routing
[    0.668914] NetLabel: Initializing
[    0.672003] NetLabel:  domain hash size = 128
[    0.680005] NetLabel:  protocols = UNLABELED CIPSOv4 CALIPSO
[    0.684028] NetLabel:  unlabeled traffic allowed by default
[    0.692757] clocksource: Switched to clocksource kvm-clock
[    0.745852] VFS: Disk quotas dquot_6.6.0
[    0.756332] VFS: Dquot-cache hash table entries: 512 (order 0, 4096 bytes)
[    0.764522] AppArmor: AppArmor Filesystem Enabled
[    0.769379] pnp: PnP ACPI init
[    0.774588] pnp: PnP ACPI: found 3 devices
[    0.786818] clocksource: acpi_pm: mask: 0xffffff max_cycles: 0xffffff, max_idle_ns: 2085701024 ns
[    0.795810] NET: Registered protocol family 2
[    0.800885] IP idents hash table entries: 16384 (order: 5, 131072 bytes)
[    0.809684] TCP established hash table entries: 8192 (order: 4, 65536 bytes)
[    0.818037] TCP bind hash table entries: 8192 (order: 5, 131072 bytes)
[    0.824848] TCP: Hash tables configured (established 8192 bind 8192)
[    0.832486] UDP hash table entries: 512 (order: 2, 16384 bytes)
[    0.838358] UDP-Lite hash table entries: 512 (order: 2, 16384 bytes)
[    0.844695] NET: Registered protocol family 1
[    0.849515] pci 0000:00:00.0: Limiting direct PCI/PCI transfers
[    0.855391] pci 0000:00:01.0: Activating ISA DMA hang workarounds
[    0.861449] pci 0000:00:02.0: Video device with shadowed ROM at [mem 0x000c0000-0x000dffff]
[    0.869761] Unpacking initramfs...
[    0.908128] Freeing initrd memory: 19528K
[    1.370073] clocksource: tsc: mask: 0xffffffffffffffff max_cycles: 0x1128b1be6ad, max_idle_ns: 440795207191 ns
[    1.379546] platform rtc_cmos: registered platform RTC device (no PNP device found)
[    1.387446] Scanning for low memory corruption every 60 seconds
[    1.394866] Initialise system trusted keyrings
[    1.399539] Key type blacklist registered
[    1.404667] workingset: timestamp_bits=36 max_order=18 bucket_order=0
[    1.413219] zbud: loaded
[    1.417686] squashfs: version 4.0 (2009/01/31) Phillip Lougher
[    1.424874] fuse init (API version 7.26)
[    1.449207] Key type asymmetric registered
[    1.454505] Asymmetric key parser 'x509' registered
[    1.461256] Block layer SCSI generic (bsg) driver version 0.4 loaded (major 246)
[    1.469909] io scheduler noop registered
[    1.474476] io scheduler deadline registered
[    1.480093] io scheduler cfq registered (default)
[    1.486193] ACPI: AC Adapter [AC] (on-line)
[    1.491632] input: Power Button as /devices/LNXSYSTM:00/LNXPWRBN:00/input/input0
[    1.500536] ACPI: Power Button [PWRF]
[    1.505153] input: Sleep Button as /devices/LNXSYSTM:00/LNXSLPBN:00/input/input1
[    1.514064] ACPI: Sleep Button [SLPF]
[    1.519317] Serial: 8250/16550 driver, 32 ports, IRQ sharing enabled
[    1.521042] ACPI: Battery Slot [BAT0] (battery present)
[    1.564890] 00:02: ttyS0 at I/O 0x3f8 (irq = 4, base_baud = 115200) is a 16550A
[    1.578999] Linux agpgart interface v0.103
[    1.594282] loop: module loaded
[    1.605081] scsi host0: ata_piix
[    1.610644] scsi host1: ata_piix
[    1.614960] ata1: PATA max UDMA/33 cmd 0x1f0 ctl 0x3f6 bmdma 0xd000 irq 14
[    1.623824] ata2: PATA max UDMA/33 cmd 0x170 ctl 0x376 bmdma 0xd008 irq 15
[    1.632531] tun: Universal TUN/TAP device driver, 1.6
[    1.639681] PPP generic driver version 2.4.2
[    1.645682] ehci_hcd: USB 2.0 'Enhanced' Host Controller (EHCI) Driver
[    1.653192] ehci-pci: EHCI PCI platform driver
[    1.658564] ehci-platform: EHCI generic platform driver
[    1.664714] ohci_hcd: USB 1.1 'Open' Host Controller (OHCI) Driver
[    1.671716] ohci-pci: OHCI PCI platform driver
[    1.677507] ohci-platform: OHCI generic platform driver
[    1.683159] uhci_hcd: USB Universal Host Controller Interface driver
[    1.690442] i8042: PNP: PS/2 Controller [PNP0303:PS2K,PNP0f03:PS2M] at 0x60,0x64 irq 1,12
[    1.704009] serio: i8042 KBD port at 0x60,0x64 irq 1
[    1.710457] serio: i8042 AUX port at 0x60,0x64 irq 12
[    1.716377] mousedev: PS/2 mouse device common for all mice
[    1.724661] input: AT Translated Set 2 keyboard as /devices/platform/i8042/serio0/input/input2
[    1.737714] rtc_cmos rtc_cmos: rtc core: registered rtc_cmos as rtc0
[    1.745392] rtc_cmos rtc_cmos: alarms up to one day, 114 bytes nvram
[    1.751686] i2c /dev entries driver
[    1.755612] device-mapper: uevent: version 1.0.3
[    1.762097] device-mapper: ioctl: 4.37.0-ioctl (2017-09-20) initialised: dm-devel@redhat.com
[    1.771294] ledtrig-cpu: registered to indicate activity on CPUs
[    1.780888] NET: Registered protocol family 10
[    1.829865] Segment Routing with IPv6
[    1.834345] NET: Registered protocol family 17
[    1.839237] Key type dns_resolver registered
[    1.862845] mce: Using 0 MCE banks
[    1.866592] RAS: Correctable Errors collector initialized.
[    1.872157] sched_clock: Marking stable (1872079683, 0)->(2761921587, -889841904)
[    1.886657] registered taskstats version 1
[    1.891620] Loading compiled-in X.509 certificates
[    1.902929] Loaded X.509 cert 'Build time autogenerated kernel key: b5b26778eaa3ab3a4a6cee031137706e947d12ad'
[    1.914729] Loaded X.509 cert 'Canonical Ltd. Live Patch Signing: 14df34d1a87cf37625abec039ef2bf521249b969'
[    1.925178] Loaded X.509 cert 'Canonical Ltd. Kernel Module Signing: 88f752e560a1e0737e31163a466ad7b70a850c19'
[    1.935934] blacklist: Loading compiled-in revocation X.509 certificates
[    1.943336] Loaded X.509 cert 'Canonical Ltd. Secure Boot Signing: 61482aa2830d0ab2ad5af10b7250da9033ddcef0'
[    1.953448] Loaded X.509 cert 'Canonical Ltd. Secure Boot Signing (2017): 242ade75ac4a15e50d50c84b0d45ff3eae707a03'
[    1.964394] Loaded X.509 cert 'Canonical Ltd. Secure Boot Signing (ESM 2018): 365188c1d374d6b07c3c8f240f8ef722433d6a8b'
[    1.975309] Loaded X.509 cert 'Canonical Ltd. Secure Boot Signing (2019): c0746fd6c5da3ae827864651ad66ae47fe24b3e8'
[    1.986065] Loaded X.509 cert 'Canonical Ltd. Secure Boot Signing (2021 v1): a8d54bbb3825cfb94fa13c9f8a594a195c107b8d'
[    1.997355] Loaded X.509 cert 'Canonical Ltd. Secure Boot Signing (2021 v2): 4cf046892d6fd3c9a5b03f98d845f90851dc6a8c'
[    2.008116] Loaded X.509 cert 'Canonical Ltd. Secure Boot Signing (2021 v3): 100437bb6de6e469b581e61cd66bce3ef4ed53af'
[    2.018750] Loaded X.509 cert 'Canonical Ltd. Secure Boot Signing (Ubuntu Core 2019): c1d57b8f6b743f23ee41f4f7ee292f06eecadfb9'
[    2.030649] zswap: loaded using pool lzo/zbud
[    2.048553] Key type big_key registered
[    2.052820] Key type trusted registered
[    2.062048] Key type encrypted registered
[    2.066116] AppArmor: AppArmor sha1 policy hashing enabled
[    2.071675] ima: No TPM chip found, activating TPM-bypass! (rc=-19)
[    2.078578] ima: Allocated hash algorithm: sha1
[    2.083332] evm: HMAC attrs: 0x1
[    2.087689]   Magic number: 0:616:84
[    2.093203] rtc_cmos rtc_cmos: setting system clock to 2024-11-05 16:03:05 UTC (1730822585)
[    2.102219] BIOS EDD facility v0.16 2004-Jun-25, 0 devices found
[    2.108846] EDD information not available.
[    2.117203] Freeing unused kernel image memory: 2480K
[    2.140351] Write protecting the kernel read-only data: 20480k
[    2.148452] Freeing unused kernel image memory: 2008K
[    2.154081] Freeing unused kernel image memory: 1820K
[    2.164149] x86/mm: Checked W+X mappings: passed, no W+X pages found.
Loading, please wait...
starting version 237
[    2.284589] e1000: Intel(R) PRO/1000 Network Driver - version 7.3.21-k8-NAPI
[    2.291970] e1000: Copyright (c) 1999-2006 Intel Corporation.
[    2.317375] Fusion MPT base driver 3.04.20
[    2.322045] Copyright (c) 1999-2008 LSI Corporation
[    2.362194] Fusion MPT SPI Host driver 3.04.20
[    2.585622] input: ImExPS/2 Generic Explorer Mouse as /devices/platform/i8042/serio1/input/input4
[    3.263562] e1000 0000:00:03.0 eth0: (PCI:33MHz:32-bit) 02:3b:7b:b7:3b:2d
[    3.270314] e1000 0000:00:03.0 eth0: Intel(R) PRO/1000 Network Connection
[    4.321511] e1000 0000:00:08.0 eth1: (PCI:33MHz:32-bit) 08:00:27:cc:5c:cd
[    4.328557] e1000 0000:00:08.0 eth1: Intel(R) PRO/1000 Network Connection
[    4.341465] e1000 0000:00:08.0 enp0s8: renamed from eth1
[    4.351278] mptbase: ioc0: Initiating bringup
[    4.460919] ioc0: LSI53C1030 A0: Capabilities={Initiator}
[    4.468913] e1000 0000:00:03.0 enp0s3: renamed from eth0
[    5.329268] scsi host2: ioc0: LSI53C1030 A0, FwRev=00000000h, Ports=1, MaxQ=256, IRQ=20
[    5.783464] scsi 2:0:0:0: Direct-Access     VBOX     HARDDISK         1.0  PQ: 0 ANSI: 5
[    5.840825] scsi target2:0:0: Beginning Domain Validation
[    5.860647] scsi target2:0:0: Domain Validation skipping write tests
[    5.871175] scsi target2:0:0: Ending Domain Validation
[    5.884594] scsi target2:0:0: asynchronous
[    5.900204] scsi 2:0:1:0: Direct-Access     VBOX     HARDDISK         1.0  PQ: 0 ANSI: 5
[    7.817903] scsi target2:0:1: Beginning Domain Validation
[    7.836407] scsi target2:0:1: Domain Validation skipping write tests
[    7.843219] scsi target2:0:1: Ending Domain Validation
[    7.849067] scsi target2:0:1: asynchronous
[    7.869008] sd 2:0:0:0: Attached scsi generic sg0 type 0
[    7.869781] sd 2:0:0:0: [sda] 83886080 512-byte logical blocks: (42.9 GB/40.0 GiB)
[    7.884131] sd 2:0:0:0: [sda] Write Protect is off
[    7.892774] sd 2:0:1:0: Attached scsi generic sg1 type 0
[    7.899704] sd 2:0:1:0: [sdb] 20480 512-byte logical blocks: (10.5 MB/10.0 MiB)
[    7.901661] sd 2:0:0:0: [sda] Incomplete mode parameter data
[    7.911589] sd 2:0:1:0: [sdb] Write Protect is off
[    7.917615] sd 2:0:0:0: [sda] Assuming drive cache: write through
[    7.934020] sd 2:0:1:0: [sdb] Incomplete mode parameter data
[    7.939503] sd 2:0:1:0: [sdb] Assuming drive cache: write through
[    7.950785]  sda: sda1
[    7.955632] sd 2:0:1:0: [sdb] Attached SCSI disk
[    7.963227] sd 2:0:0:0: [sda] Attached SCSI disk
Begin: Loading essential drivers ... [   10.905552] raid6: sse2x1   gen() 150123 MB/s
[   11.911724] raid6: sse2x1   xor() 154507 MB/s
[   12.902447] raid6: sse2x2   gen() 315624 MB/s
[   13.906195] raid6: sse2x2   xor() 237131 MB/s
[   15.911866] raid6: sse2x4   gen() 365682 MB/s
[   16.899950] raid6: sse2x4   xor() 200757 MB/s
[   16.906086] raid6: using algorithm sse2x4 gen() 365682 MB/s
[   16.913815] raid6: .... xor() 200757 MB/s, rmw enabled
[   16.919643] raid6: using ssse3x2 recovery algorithm
[   16.929507] xor: measuring software checksum speed
[   16.973038]    prefetch64-sse: 23533.000 MB/sec
[   17.016981]    generic_sse: 17255.000 MB/sec
[   17.023263] xor: using function: prefetch64-sse (23533.000 MB/sec)
[   17.041851] async_tx: api initialized (async)
done.
Begin: Running /scripts/init-premount ... done.
Begin: Mounting root file system ... Begin: Running /scripts/local-top ... done.
Begin: Running /scripts/local-premount ... [   17.155739] Btrfs loaded, crc32c=crc32c-intel
Scanning for Btrfs filesystems
done.
Warning: fsck not present, so skipping root file system
[   17.223354] EXT4-fs (sda1): mounted filesystem with ordered data mode. Opts: (null)
done.
Begin: Running /scripts/local-bottom ... done.
Begin: Running /scripts/init-bottom ... done.
[   17.497837] ip_tables: (C) 2000-2006 Netfilter Core Team
[   17.524053] systemd[1]: systemd 237 running in system mode. (+PAM +AUDIT +SELINUX +IMA +APPARMOR +SMACK +SYSVINIT +UTMP +LIBCRYPTSETUP +GCRYPT +GNUTLS +ACL +XZ +LZ4 +SECCOMP +BLKID +ELFUTILS +KMOD -IDN2 +IDN -PCRE2 default-hierarchy=hybrid)
[   17.543749] systemd[1]: Detected virtualization oracle.
[   17.548586] systemd[1]: Detected architecture x86-64.

Welcome to [1mUbuntu 18.04.6 LTS[0m!

[   17.582381] systemd[1]: Set hostname to <ubuntu>.
[   17.595079] random: systemd: uninitialized urandom read (16 bytes read)
[   17.604556] systemd[1]: Initializing machine ID from random generator.
[   17.615266] systemd[1]: Installed transient /etc/machine-id file.
[   18.051354] random: systemd: uninitialized urandom read (16 bytes read)
[   18.057916] systemd[1]: Reached target User and Group Name Lookups.
[[0;32m  OK  [0m] Reached target User and Group Name Lookups.
[   18.066988] random: systemd: uninitialized urandom read (16 bytes read)
[   18.085200] systemd[1]: Created slice System Slice.
[[0;32m  OK  [0m] Created slice System Slice.
[   18.093483] systemd[1]: Listening on Journal Socket.
[[0;32m  OK  [0m] Listening on Journal Socket.
[   18.101695] systemd[1]: Starting Create list of required static device nodes for the current kernel...
         Starting Create list of required stâ€¦ce nodes for the current kernel...
[[0;32m  OK  [0m] Listening on udev Kernel Socket.
[[0;32m  OK  [0m] Reached target Mounting snaps.
         Mounting Kernel Debug File System...
         Starting Uncomplicated firewall...
[[0;32m  OK  [0m] Listening on Journal Audit Socket.
         Mounting POSIX Message Queue File System...
[[0;32m  OK  [0m] Listening on Network Service Netlink Socket.
[[0;32m  OK  [0m] Started Forward Password Requests to Wall Directory Watch.
[[0;32m  OK  [0m] Listening on Device-mapper event daemon FIFOs.
[[0;32m  OK  [0m] Reached target System Time Synchronized.
[[0;32m  OK  [0m] Created slice system-serial\x2dgetty.slice.
         Starting Set the console keyboard layout...
[[0;32m  OK  [0m] Listening on /dev/initctl Compatibility Named Pipe.
[[0;32m  OK  [0m] Listening on Syslog Socket.
         Mounting Huge Pages File System...
         Starting Load Kernel Modules...
[[0;32m  OK  [0m] Listening on LVM2 metadata daemon socket.
[[0;32m  OK  [0m] Listening on LVM2 poll daemon socket.
[[0;32m  OK  [0m] Listening on Journal Socket (/dev/log).
         Starting Journal Service...
[[0;32m  OK  [0m] Created slice User and Session Slice.
[[0;32m  OK  [0m[   18.222064] Loading iSCSI transport class v2.0-870.
] Reached target Slices.
         Starting Monitoring of LVM2 mirrorsâ€¦ng dmeventd or progress polling...
[[0;32m  OK  [0m] Reached target Swap.
[[0;32m  OK  [0m] Reached target Mounted snaps.
[[0;32m  OK  [0m] Listening on udev Control Socket.
         Starting udev Coldplug all Devices...
[[0;32m  OK  [0m] Listening on fsck to fsckd communication Socket.
[[0;32m  OK  [0m] Set up automount Arbitrary Executabâ€¦rmats File System Automount Point.
[   18.334269] iscsi: registered transport (tcp)
         Starting File System Check on Root Device...
[[0;32m  OK  [0m] Started Journal Service.
[[0;32m  OK  [0m] Started Create list of required staâ€¦vice nodes for the current kernel.
[[0;32m  OK  [0m] Mounted Kernel Debug File System.
[[0;32m  OK  [0m] Started Uncomplicated firewall.
[[0;32m  OK  [0m] Mounted POSIX Message Queue File System.
[[0;32m  OK  [0m] Mounted Huge Pages File System.
         Starting Create Static Device Nodes in /dev...
[[0;32m  OK  [0m] Started LVM2 metadata daemon.
[[0;32m  OK  [0m] Started File System Check Daemon to report status.
[[0;32m  OK  [0m] Started udev Coldplug all Devices.
[[0;32m  OK  [0m] Started Create Static Device Nodes in /dev.
[[0;32m  OK  [0m] Started File System Check on Root Device.
[   18.609901] random: systemd: uninitialized urandom read (16 bytes read)
[   18.622154] random: systemd-journal: uninitialized urandom read (16 bytes read)
         Starting Remount Root and Kernel File Systems...
[[0;32m  OK  [0m] Started Monitoring of LVM2 mirrors,â€¦sing dmeventd or progress polling.
[   18.665243] EXT4-fs (sda1): re-mounted. Opts: (null)
[[0;32m  OK  [0m] Started Remount Root and Kernel File Systems.
[   18.686169] random: systemd: uninitialized urandom read (16 bytes read)
         Starting udev Kernel Device Manager...
         Starting Flush Journal to Persistent Storage...
         Starting Load/Save Random Seed...
[   18.740614] systemd-journald[383]: Received request to flush runtime journal from PID 1
[[0;32m  OK  [0m] Started Load/Save Random Seed.
[[0;32m  OK  [0m] Started udev Kernel Device Manager.
[   18.822937] iscsi: registered transport (iser)
[[0;32m  OK  [0m] Started Load Kernel Modules.
         Starting Apply Kernel Variables...
         Mounting FUSE Control File System...
         Mounting Kernel Configuration File System...
[[0;32m  OK  [0m] Mounted FUSE Control File System.
[[0;32m  OK  [0m] Mounted Kernel Configuration File System.
[[0;32m  OK  [0m] Started Flush Journal to Persistent Storage.
[[0;32m  OK  [0m] Started Apply Kernel Variables.
[[0;32m  OK  [0m] Found device /dev/ttyS0.
[[0;32m  OK  [0m] Listening on Load/Save RF Kill Switch Status /dev/rfkill Watch.
[[0;32m  OK  [0m] Started Set the console keyboard layout.
[[0;32m  OK  [0m] Reached target Local File Systems (Pre).
[[0;32m  OK  [0m] Reached target Local File Systems.
         Starting Set console font and keymap...
         Starting Commit a transient machine-id on disk...
         Starting Tell Plymouth To Write Out Runtime Data...
         Starting ebtables ruleset management...
         Starting AppArmor initialization...
         Starting Create Volatile Files and Directories...
[[0;32m  OK  [0m] Started Dispatch Password Requests to Console Directory Watch.
[[0;32m  OK  [0m] Reached target Local Encrypted Volumes.
[[0;32m  OK  [0m] Started Tell Plymouth To Write Out Runtime Data.
[[0;32m  OK  [0m] Started Commit a transient machine-id on disk.
[[0;32m  OK  [0m] Started Create Volatile Files and Directories.
         Starting Update UTMP about System Boot/Shutdown...
[[0;32m  OK  [0m] Started Update UTMP about System Boot/Shutdown.
[[0;32m  OK  [0m] Started ebtables ruleset management.
         Mounting Arbitrary Executable File Formats File System...
[[0;32m  OK  [0m] Mounted Arbitrary Executable File Formats File System.
[[0;32m  OK  [0m] Started AppArmor initialization.
         Starting Initial cloud-init job (pre-networking)...
         Starting Load AppArmor profiles managed internally by snapd...
[[0;32m  OK  [0m] Started Load AppArmor profiles managed internally by snapd.
[[0;32m  OK  [0m] Started Set console font and keymap.
[   26.164713] cloud-init[723]: Cloud-init v. 23.1.2-0ubuntu0~18.04.1 running 'init-local' at Tue, 05 Nov 2024 16:03:28 +0000. Up 25.30 seconds.
[[0;32m  OK  [0m] Started Initial cloud-init job (pre-networking).
[[0;32m  OK  [0m] Reached target Network (Pre).
         Starting Network Service...
[[0;32m  OK  [0m] Started Network Service.
         Starting Wait for Network to be Configured...
         Starting Network Name Resolution...
[[0;32m  OK  [0m] Started Network Name Resolution.
[[0;32m  OK  [0m] Reached target Network.
[[0;32m  OK  [0m] Reached target Host and Network Name Lookups.
[[0;32m  OK  [0m] Started Wait for Network to be Configured.
         Starting Initial cloud-init job (metadata service crawler)...
[   28.689808] cloud-init[880]: Cloud-init v. 23.1.2-0ubuntu0~18.04.1 running 'init' at Tue, 05 Nov 2024 16:03:31 +0000. Up 28.52 seconds.
[   28.696473] cloud-init[880]: ci-info: ++++++++++++++++++++++++++++++++++++++Net device info+++++++++++++++++++++++++++++++++++++++
[   28.701948] cloud-init[880]: ci-info: +--------+-------+----------------------------+---------------+--------+-------------------+
[   28.713028] cloud-init[880]: ci-info: | Device |   Up  |          Address           |      Mask     | Scope  |     Hw-Address    |
[   28.726889] cloud-init[880]: ci-info: +--------+-------+----------------------------+---------------+--------+-------------------+
[   28.736666] cloud-init[880]: ci-info: | enp0s3 |  True |         10.0.2.15          | 255.255.255.0 | global | 02:3b:7b:b7:3b:2d |
[   28.750430] cloud-init[880]: ci-info: | enp0s3 |  True | fe80::3b:7bff:feb7:3b2d/64 |       .       |  link  | 02:3b:7b:b7:3b:2d |
[   28.759841] cloud-init[880]: ci-info: | enp0s8 | False |             .              |       .       |   .    | 08:00:27:cc:5c:cd |
[   28.769170] cloud-init[880]: ci-info: |   lo   |  True |         127.0.0.1          |   255.0.0.0   |  host  |         .         |
[   28.783586] cloud-init[880]: ci-info: |   lo   |  True |          ::1/128           |       .       |  host  |         .         |
[   28.792687] cloud-init[880]: ci-info: +--------+-------+----------------------------+---------------+--------+-------------------+
[   28.801862] cloud-init[880]: ci-info: ++++++++++++++++++++++++++++Route IPv4 info+++++++++++++++++++++++++++++
[   28.811163] cloud-init[880]: ci-info: +-------+-------------+----------+-----------------+-----------+-------+
[   28.820593] cloud-init[880]: ci-info: | Route | Destination | Gateway  |     Genmask     | Interface | Flags |
[   28.833952] cloud-init[880]: ci-info: +-------+-------------+----------+-----------------+-----------+-------+
[   28.842638] cloud-init[880]: ci-info: |   0   |   0.0.0.0   | 10.0.2.2 |     0.0.0.0     |   enp0s3  |   UG  |
[   28.850718] cloud-init[880]: ci-info: |   1   |   10.0.2.0  | 0.0.0.0  |  255.255.255.0  |   enp0s3  |   U   |
[   28.863905] cloud-init[880]: ci-info: |   2   |   10.0.2.2  | 0.0.0.0  | 255.255.255.255 |   enp0s3  |   UH  |
[   28.872162] cloud-init[880]: ci-info: +-------+-------------+----------+-----------------+-----------+-------+
[   28.880647] cloud-init[880]: ci-info: +++++++++++++++++++Route IPv6 info+++++++++++++++++++
[   28.888038] cloud-init[880]: ci-info: +-------+-------------+---------+-----------+-------+
[   28.901098] cloud-init[880]: ci-info: | Route | Destination | Gateway | Interface | Flags |
[   28.908880] cloud-init[880]: ci-info: +-------+-------------+---------+-----------+-------+
[   28.917230] cloud-init[880]: ci-info: |   1   |  fe80::/64  |    ::   |   enp0s3  |   U   |
[   28.932740] cloud-init[880]: ci-info: |   3   |    local    |    ::   |   enp0s3  |   U   |
[   28.941560] cloud-init[880]: ci-info: |   4   |   ff00::/8  |    ::   |   enp0s3  |   U   |
[   28.951595] cloud-init[880]: ci-info: +-------+-------------+---------+-----------+-------+
[   29.835401] cloud-init[880]: Generating public/private rsa key pair.
[   29.841625] cloud-init[880]: Your identification has been saved in /etc/ssh/ssh_host_rsa_key.
[   29.848511] cloud-init[880]: Your public key has been saved in /etc/ssh/ssh_host_rsa_key.pub.
[   29.855029] cloud-init[880]: The key fingerprint is:
[   29.860612] cloud-init[880]: SHA256:QQyPPhwOF49b+KkLHHtzV56xsMDpfhv/ur3s1Co1B6g root@ubuntu-bionic
[   29.867111] cloud-init[880]: The key's randomart image is:
[   29.872949] cloud-init[880]: +---[RSA 2048]----+
[   29.879148] cloud-init[880]: |      oo.        |
[   29.885224] cloud-init[880]: |       O.        |
[[0;32m  OK  [0m] Started Initial cloud-init job (metadata service crawler).
[[   29.896576] cloud-init[880]: |    . * =    .   |
[   29.896660] cloud-init[880]: |     * * +  . .  |
[   29.896690] cloud-init[880]: |    . * S ..o  . |
[   29.896715] cloud-init[880]: |   . o + .E= +o..|
[   29.897275] cloud-init[880]: |    + + o + +..o.|
[   29.897800] cloud-init[880]: |     o = ..o.+ . |
[   29.898284] cloud-init[880]: |      . ....+*B. |
[   29.898833] cloud-init[880]: +----[SHA256]-----+
[   29.899258] cloud-init[880]: Generating public/private dsa key pair.
[   29.899731] cloud-init[880]: Your identification has been saved in /etc/ssh/ssh_host_dsa_key.
[   29.900772] cloud-init[880]: Your public key has been saved in /etc/ssh/ssh_host_dsa_key.pub.
[   29.901230] cloud-init[880]: The key fingerprint is:
[   29.901701] cloud-init[880]: SHA256:4J6cSMBsNInALNQQZcZPDiPshf28/WezHexGeec9FR8 root@ubuntu-bionic
[   29.902160] cloud-init[880]: The key's randomart image is:
[   29.902632] cloud-init[880]: +---[DSA 1024]----+
[   29.903279] cloud-init[880]: |B=@=             |
[   29.903975] cloud-init[880]: |oX+O .           |
[   29.904967] cloud-init[880]: |o B O .          |
[   29.905442] cloud-init[880]: | o . * .       E |
[   29.905886] cloud-init[880]: |    . + S     . +|
[   29.906334] cloud-init[880]: |   . = +    .o .+|
[   29.906808] cloud-init[880]: |    . = .   .o..+|
[   29.907264] cloud-init[880]: |         . +o...o|
[   29.907711] cloud-init[880]: |          o.+o  .|
[   29.908126] cloud-init[880]: +----[SHA256]-----+
[   29.909018] cloud-init[880]: Generating public/private ecdsa key pair.
[   29.909463] cloud-init[880]: Your identification has been saved in /etc/ssh/ssh_host_ecdsa_key.
[   29.909877] cloud-init[880]: Your public key has been saved in /etc/ssh/ssh_host_ecdsa_key.pub.
[   29.910292] cloud-init[880]: The key fingerprint is:
[   29.910700] cloud-init[880]: SHA256:ZmSp6v5mMV70RGgf8RF40UBgBHlBFcjn5Jv3DlrB2Cs root@ubuntu-bionic
[   29.911113] cloud-init[880]: The key's randomart image is:
[   29.911602] cloud-init[880]: +---[ECDSA 256]---+
[   29.912070] cloud-init[880]: |        .BBOO*   |
[   29.913119] cloud-init[880]: |        +oB.+..  |
[   29.913633] cloud-init[880]: |       .++ B.    |
[   29.914111] cloud-init[880]: |       +. o o+   |
[   29.914638] cloud-init[880]: |      ..So  .o+  |
[   29.915143] cloud-init[880]: |     .oo. . o .o |
[   29.915663] cloud-init[880]: |    .. +    E.+. |
[   29.916488] cloud-init[880]: |   .  +      + ..|
[   29.916899] cloud-init[880]: |   .o+.     .  ..|
[   29.917421] cloud-init[880]: +----[SHA256]-----+
[   29.917863] cloud-init[880]: Generating public/private ed25519 key pair.
[   29.918331] cloud-init[880]: Your identification has been saved in /etc/ssh/ssh_host_ed25519_key.
[   29.918805] cloud-init[880]: Your public key has been saved in /etc/ssh/ssh_host_ed25519_key.pub.
[   29.919291] cloud-init[880]: The key fingerprint is:
[   29.919900] cloud-init[880]: SHA256:gqY0rE1kVHyz6m+qrN74mJszSggXY0uhXeoqOTajyjg root@ubuntu-bionic
[   29.923120] cloud-init[880]: The key's randomart image is:
[   29.923623] cloud-init[880]: +--[ED25519 256]--+
[   29.924412] cloud-init[880]: |  ooo            |
[   29.924772] cloud-init[880]: | + +. o          |
[   29.925389] cloud-init[880]: |. X  . o         |
[   29.925800] cloud-init[880]: | B + ..          |
[   29.926342] cloud-init[880]: |. O o.. S        |
[   29.926799] cloud-init[880]: |oO +.  .         |
[   29.927334] cloud-init[880]: |B=o.             |
[   29.927837] cloud-init[880]: |E=O . .          |
[   29.929028] cloud-init[880]: |X@B+.+.          |
[   29.929448] cloud-init[880]: +----[SHA256]-----+
[0;32m  OK  [0m] Reached target Cloud-config availability.
[[0;32m  OK  [0m] Reached target Network is Online.
[[0;32m  OK  [0m] Reached target Remote File Systems (Pre).
[[0;32m  OK  [0m] Reached target Remote File Systems.
         Starting Availability of block devices...
[[0;32m  OK  [0m] Reached target System Initialization.
         Starting Socket activation for snappy daemon.
[[0;32m  OK  [0m] Started Daily apt download activities.
[[0;32m  OK  [0m] Started Daily apt upgrade and clean activities.
[[0;32m  OK  [0m] Listening on ACPID Listen Socket.
[[0;32m  OK  [0m] Listening on Open-iSCSI iscsid Socket.
[[0;32m  OK  [0m] Started Discard unused blocks once a week.
[[0;32m  OK  [0m] Started Message of the Day.
[[0;32m  OK  [0m] Listening on cloud-init hotplug hook socket.
[[0;32m  OK  [0m] Listening on D-Bus System Message Bus Socket.
         Starting LXD - unix socket.
[[0;32m  OK  [0m] Listening on UUID daemon activation socket.
[[0;32m  OK  [0m] Started Ubuntu Advantage Timer for running repeated jobs.
[[0;32m  OK  [0m] Started ACPI Events Check.
[[0;32m  OK  [0m] Reached target Paths.
[[0;32m  OK  [0m] Started Daily Cleanup of Temporary Directories.
[[0;32m  OK  [0m] Reached target Timers.
[[0;32m  OK  [0m] Started Availability of block devices.
[[0;32m  OK  [0m] Listening on Socket activation for snappy daemon.
[[0;32m  OK  [0m] Listening on LXD - unix socket.
[[0;32m  OK  [0m] Reached target Sockets.
[[0;32m  OK  [0m] Reached target Basic System.
[[0;32m  OK  [0m] Started D-Bus System Message Bus.
         Starting Snap Daemon...
         Starting LXD - container startup/shutdown...
         Starting LSB: Record successful boot for GRUB...
         Starting Pollinate to seed the pseudo random number generator...
         Starting Dispatcher daemon for systemd-networkd...
         Starting System Logging Service...
[[0;32m  OK  [0m] Started Deferred execution scheduler.
[[0;32m  OK  [0m] Started Regular background program processing daemon.
[[0;32m  OK  [0m] Started FUSE filesystem for LXC.
         Starting Login Service...
         Starting Permit User Sessions...
         Starting Virtualbox guest utils...
         Starting LSB: automatic crash report generation...
[[0;32m  OK  [0m] Reached target Login Prompts (Pre).
[[0;32m  OK  [0m] Started irqbalance daemon.
         Starting Accounts Service...
[[0;32m  OK  [0m] Started System Logging Service.
[[0;32m  OK  [0m] Started Permit User Sessions.
[[0;32m  OK  [0m] Started Login Service.
[[0;32m  OK  [0m] Started Unattended Upgrades Shutdown.
         Starting Hold until boot process finishes up...
         Starting Terminate Plymouth Boot Screen...
[[0;32m  OK  [0m] Started Hold until boot process finishes up.
[[0;32m  OK  [0m] Started Serial Getty on ttyS0.
         Starting Set console scheme...
[[0;32m  OK  [0m] Started Terminate Plymouth Boot Screen.
[[0;32m  OK  [0m] Started LSB: automatic crash report generation.
[[0;32m  OK  [0m] Started Set console scheme.
[[0;32m  OK  [0m] Created slice system-getty.slice.
[[0;32m  OK  [0m] Started Getty on tty1.
[[0;32m  OK  [0m] Reached target Login Prompts.
[[0;32m  OK  [0m] Started LXD - container startup/shutdown.
         Starting Authorization Manager...
[[0;32m  OK  [0m] Started LSB: Record successful boot for GRUB.
[[0;32m  OK  [0m] Started Virtualbox guest utils.
[[0;32m  OK  [0m] Started Authorization Manager.
[[0;32m  OK  [0m] Started Accounts Service.
[[0;32m  OK  [0m] Started Dispatcher daemon for systemd-networkd.
[[0;32m  OK  [0m] Started Snap Daemon.
         Starting Wait until snapd is fully seeded...
         Starting Time & Date Service...
[[0;32m  OK  [0m] Started Time & Date Service.
[[0;32m  OK  [0m] Started Pollinate to seed the pseudo random number generator.
         Starting OpenBSD Secure Shell server...
[[0;32m  OK  [0m] Started OpenBSD Secure Shell server.
[[0;32m  OK  [0m] Started Wait until snapd is fully seeded.
         Starting Apply the settings specified in cloud-config...
[[0;32m  OK  [0m] Created slice User Slice of vagrant.
         Starting User Manager for UID 1000...
[[0;32m  OK  [0m] Started Session 1 of user vagrant.
[[0;32m  OK  [0m] Started User Manager for UID 1000.
[   36.193742] cloud-init[1386]: Cloud-init v. 23.1.2-0ubuntu0~18.04.1 running 'modules:config' at Tue, 05 Nov 2024 16:03:37 +0000. Up 33.95 seconds.

Ubuntu 18.04.6 LTS ubuntu-bionic ttyS0

ubuntu-bionic login: ci-info: no authorized SSH keys fingerprints found for user ubuntu.
<14>Nov  5 16:03:41 cloud-init: #############################################################
<14>Nov  5 16:03:41 cloud-init: -----BEGIN SSH HOST KEY FINGERPRINTS-----
<14>Nov  5 16:03:41 cloud-init: 1024 SHA256:4J6cSMBsNInALNQQZcZPDiPshf28/WezHexGeec9FR8 root@ubuntu-bionic (DSA)
<14>Nov  5 16:03:41 cloud-init: 256 SHA256:ZmSp6v5mMV70RGgf8RF40UBgBHlBFcjn5Jv3DlrB2Cs root@ubuntu-bionic (ECDSA)
<14>Nov  5 16:03:41 cloud-init: 256 SHA256:gqY0rE1kVHyz6m+qrN74mJszSggXY0uhXeoqOTajyjg root@ubuntu-bionic (ED25519)
<14>Nov  5 16:03:41 cloud-init: 2048 SHA256:QQyPPhwOF49b+KkLHHtzV56xsMDpfhv/ur3s1Co1B6g root@ubuntu-bionic (RSA)
<14>Nov  5 16:03:41 cloud-init: -----END SSH HOST KEY FINGERPRINTS-----
<14>Nov  5 16:03:41 cloud-init: #############################################################
-----BEGIN SSH HOST KEY KEYS-----
ecdsa-sha2-nistp256 AAAAE2VjZHNhLXNoYTItbmlzdHAyNTYAAAAIbmlzdHAyNTYAAABBBFC6AKoKmLBpVY8KLbkZyXwUjrMqILACBrGEVU2a1/jrSDMFCb7Q4ng4PxxBSVJE9x5EqYmQw9OdXpMDb+geP9w= root@ubuntu-bionic
ssh-ed25519 AAAAC3NzaC1lZDI1NTE5AAAAIF2i7S3sOrgU1S8+/Aqst1TnWymxdVu5Q+TCAYuo2zON root@ubuntu-bionic
ssh-rsa AAAAB3NzaC1yc2EAAAADAQABAAABAQDNlEIRkfIlWZeV5PO1xJWlf8uwtULTOCzD2o9DSGfcrcWu0+rUPtvESIx/xwGDqfzjGv+vLSy275e47crAdmsSuN6m4aoKAhxKtNWlezhe2/BNTWWbLzZxyhg/sP307Al5pRn3lbgZXf16BrNfd8ErWtJ819zeYepgaWlb+6NKtxUlcWs17stJ2eLNfLfjDcgUCW8MJtKykKs6Y/7UaZtV4MfYRy2BuhRijb+SDUeE/DXbkewcJE8vp34z2mW0WFs9izQI0pP2biFOr/+a6vdMsD51sNeUm/eu0WVOzoQUWJY0vodExZ8KA2xZpjS7GBKNqJdnQx4e5ot5XINFtDwx root@ubuntu-bionic
-----END SSH HOST KEY KEYS-----
[   37.888792] cloud-init[1500]: Cloud-init v. 23.1.2-0ubuntu0~18.04.1 running 'modules:final' at Tue, 05 Nov 2024 16:03:40 +0000. Up 37.40 seconds.
[   37.888972] cloud-init[1500]: Cloud-init v. 23.1.2-0ubuntu0~18.04.1 finished at Tue, 05 Nov 2024 16:03:41 +0000. Datasource DataSourceNoCloud [seed=/dev/sdb][dsmode=net].  Up 37.82 seconds
